Usage: xclock [-analog] [-bw <pixels>] [-digital] [-brief]
       [-utime] [-strftime <fmt-str>]
       [-fg <color>] [-bg <color>] [-hd <color>]
       [-hl <color>] [-bd <color>]
       [-fn <font_name>] [-help] [-padding <pixels>]
       [-rv] [-update <seconds>] [-display displayname]
       [-[no]render] [-face <face name>] [-sharp]
       [-geometry geom] [-twelve] [-twentyfour]

Usage: xclock [-analog] [-bw <pixels>] [-digital] [-brief]
       [-utime] [-strftime <fmt-str>]
       [-fg <color>] [-bg <color>] [-hd <color>]
       [-hl <color>] [-bd <color>]
       [-fn <font_name>] [-help] [-padding <pixels>]
       [-rv] [-update <seconds>] [-display displayname]
       [-[no]render] [-face <face name>] [-sharp]
       [-geometry geom] [-twelve] [-twentyfour]

Usage: xclock [-analog] [-bw <pixels>] [-digital] [-brief]
       [-utime] [-strftime <fmt-str>]
       [-fg <color>] [-bg <color>] [-hd <color>]
       [-hl <color>] [-bd <color>]
       [-fn <font_name>] [-help] [-padding <pixels>]
       [-rv] [-update <seconds>] [-display displayname]
       [-[no]render] [-face <face name>] [-sharp]
       [-geometry geom] [-twelve] [-twentyfour]

XIO:  fatal IO error 104 (Connection reset by peer) on X server ":1"
      after 468697 requests (468633 known processed) with 0 events remaining.
XIO:  fatal IO error 104 (Connection reset by peer) on X server ":1"
      after 24197 requests (24193 known processed) with 0 events remaining.
